// Jest Snapshot v1, https://goo.gl/fbAQLP

exports[`[CheckBox] render without crashing 1`] = `
Object {
  "asJSON": [Function],
  "baseElement": <View
    pointerEvents="box-none"
    style={
      Object {
        "flex": 1,
      }
    }
  >
    <View
      collapsable={true}
      pointerEvents="box-none"
      style={
        Object {
          "flex": 1,
        }
      }
    >
      <
        style={
          Object {
            "marginHorizontal": 20,
            "paddingBottom": 20,
          }
        }
        underlayColor="transparent"
      >
        <View
          style={
            Array [
              Object {
                "alignItems": "center",
                "flexDirection": "row",
                "justifyContent": "center",
              },
            ]
          }
        >
          <View
            style={
              Array [
                Object {
                  "backgroundColor": "#1890FF",
                  "height": 20,
                  "paddingBottom": 1.5,
                  "paddingLeft": 1.5,
                  "paddingRight": 1.5,
                  "paddingTop": 1.5,
                  "width": 20,
                },
              ]
            }
          >
            <View
              isChecked={false}
              style={
                Array [
                  Object {
                    "alignItems": "center",
                    "backgroundColor": "#ffffff",
                    "flexBasis": 0,
                    "flexGrow": 1,
                    "flexShrink": 1,
                    "justifyContent": "center",
                  },
                ]
              }
            />
          </View>
          <Text
            style={
              Array [
                Object {
                  "color": "#000000",
                  "fontSize": 20,
                  "paddingLeft": 10,
                },
              ]
            }
          >
            testProps
          </Text>
        </View>
      </>
    </View>
  </View>,
  "container": <View
    collapsable={true}
    pointerEvents="box-none"
    style={
      Object {
        "flex": 1,
      }
    }
  >
    <
      style={
        Object {
          "marginHorizontal": 20,
          "paddingBottom": 20,
        }
      }
      underlayColor="transparent"
    >
      <View
        style={
          Array [
            Object {
              "alignItems": "center",
              "flexDirection": "row",
              "justifyContent": "center",
            },
          ]
        }
      >
        <View
          style={
            Array [
              Object {
                "backgroundColor": "#1890FF",
                "height": 20,
                "paddingBottom": 1.5,
                "paddingLeft": 1.5,
                "paddingRight": 1.5,
                "paddingTop": 1.5,
                "width": 20,
              },
            ]
          }
        >
          <View
            isChecked={false}
            style={
              Array [
                Object {
                  "alignItems": "center",
                  "backgroundColor": "#ffffff",
                  "flexBasis": 0,
                  "flexGrow": 1,
                  "flexShrink": 1,
                  "justifyContent": "center",
                },
              ]
            }
          />
        </View>
        <Text
          style={
            Array [
              Object {
                "color": "#000000",
                "fontSize": 20,
                "paddingLeft": 10,
              },
            ]
          }
        >
          testProps
        </Text>
      </View>
    </>
  </View>,
  "debug": [Function],
  "findAllByDisplayValue": [Function],
  "findAllByHintText": [Function],
  "findAllByLabelText": [Function],
  "findAllByPlaceholderText": [Function],
  "findAllByRole": [Function],
  "findAllByTestId": [Function],
  "findAllByText": [Function],
  "findAllByTitle": [Function],
  "findByDisplayValue": [Function],
  "findByHintText": [Function],
  "findByLabelText": [Function],
  "findByPlaceholderText": [Function],
  "findByRole": [Function],
  "findByTestId": [Function],
  "findByText": [Function],
  "findByTitle": [Function],
  "getAllByDisplayValue": [Function],
  "getAllByHintText": [Function],
  "getAllByLabelText": [Function],
  "getAllByPlaceholderText": [Function],
  "getAllByRole": [Function],
  "getAllByTestId": [Function],
  "getAllByText": [Function],
  "getAllByTitle": [Function],
  "getByDisplayValue": [Function],
  "getByHintText": [Function],
  "getByLabelText": [Function],
  "getByPlaceholderText": [Function],
  "getByRole": [Function],
  "getByTestId": [Function],
  "getByText": [Function],
  "getByTitle": [Function],
  "queryAllByDisplayValue": [Function],
  "queryAllByHintText": [Function],
  "queryAllByLabelText": [Function],
  "queryAllByPlaceholderText": [Function],
  "queryAllByRole": [Function],
  "queryAllByTestId": [Function],
  "queryAllByText": [Function],
  "queryAllByTitle": [Function],
  "queryByDisplayValue": [Function],
  "queryByHintText": [Function],
  "queryByLabelText": [Function],
  "queryByPlaceholderText": [Function],
  "queryByRole": [Function],
  "queryByTestId": [Function],
  "queryByText": [Function],
  "queryByTitle": [Function],
  "rerender": [Function],
  "unmount": [Function],
}
`;
