// Jest Snapshot v1, https://goo.gl/fbAQLP

exports[`[SearchInput] render test should render without crashing 1`] = `
<View
  style={
    Array [
      Object {
        "alignItems": "center",
        "borderColor": "#e0e0e0",
        "borderRadius": 6,
        "borderWidth": 1,
        "flexDirection": "row",
        "height": 40,
        "marginLeft": 20,
        "marginRight": 20,
        "width": 381,
      },
      undefined,
      false,
    ]
  }
  testID="SEARCH_CONTAINER"
>
  <TextInput
    allowFontScaling={true}
    onBlur={[Function]}
    onChangeText={[Function]}
    onFocus={[Function]}
    placeholderTextColor="#BDBDBD"
    rejectResponderTermination={true}
    style={
      Array [
        Object {
          "alignSelf": "center",
          "flexGrow": 1,
          "fontSize": 14,
          "paddingLeft": 16,
        },
      ]
    }
    testID="SEARCH_INPUT"
    underlineColorAndroid="transparent"
    value=""
  />
</View>
`;
