// Jest Snapshot v1, https://goo.gl/fbAQLP

exports[`[SearchInput] render test should render without crashing 1`] = `
<View
  style={
    Array [
      Object {
        "alignItems": "center",
        "borderBottomColor": "#e0e0e0",
        "borderBottomLeftRadius": 6,
        "borderBottomRightRadius": 6,
        "borderBottomWidth": 1,
        "borderLeftColor": "#e0e0e0",
        "borderLeftWidth": 1,
        "borderRightColor": "#e0e0e0",
        "borderRightWidth": 1,
        "borderTopColor": "#e0e0e0",
        "borderTopLeftRadius": 6,
        "borderTopRightRadius": 6,
        "borderTopWidth": 1,
        "flexDirection": "row",
        "height": 40,
        "marginLeft": 20,
        "marginRight": 20,
        "width": 381,
      },
      Array [
        undefined,
        false,
      ],
    ]
  }
  testID="SEARCH_CONTAINER"
>
  <TextInput
    allowFontScaling={true}
    onBlur={[Function]}
    onChangeText={[Function]}
    onFocus={[Function]}
    placeholderTextColor="#BDBDBD"
    rejectResponderTermination={true}
    style={
      Array [
        Object {
          "alignSelf": "center",
          "flexGrow": 1,
          "fontSize": 14,
          "paddingLeft": 16,
        },
        Array [
          undefined,
          false,
        ],
      ]
    }
    testID="SEARCH_INPUT"
    underlineColorAndroid="transparent"
    value=""
  />
</View>
`;
