// Jest Snapshot v1, https://goo.gl/fbAQLP

exports[`[SearchInput] render component and snapshot matches 1`] = `
<View
  style={
    Array [
      Object {
        "backgroundColor": "#f3f5f7",
        "borderRadius": 8,
        "flexDirection": "row",
        "height": 42,
        "marginLeft": 20,
        "marginRight": 20,
      },
    ]
  }
>
  <View
    style={
      Object {
        "width": 10,
      }
    }
  />
  <TextInput
    allowFontScaling={true}
    onChangeText={[Function]}
    placeholder="placehoder..."
    placeholderTextColor="#cdd2d7"
    rejectResponderTermination={true}
    style={
      Array [
        Object {
          "alignSelf": "center",
          "flexGrow": 1,
          "fontSize": 16,
        },
      ]
    }
    testID="SEARCH_INPUT"
    underlineColorAndroid="transparent"
    value=""
  />
</View>
`;
