// Jest Snapshot v1, https://goo.gl/fbAQLP

exports[`[SwitchToggle] should render without crashing 1`] = `
<View
  accessible={true}
  focusable={true}
  onClick={[Function]}
  onResponderGrant={[Function]}
  onResponderMove={[Function]}
  onResponderRelease={[Function]}
  onResponderTerminate={[Function]}
  onResponderTerminationRequest={[Function]}
  onStartShouldSetResponder={[Function]}
  style={
    Object {
      "opacity": 1,
    }
  }
  testID="SWITCH_ID"
>
  <View
    style={
      Object {
        "alignItems": "center",
        "backgroundColor": undefined,
        "flexDirection": "row",
      }
    }
  >
    <View>
      <Text />
    </View>
    <View
      style={
        Object {
          "backgroundColor": undefined,
          "transform": Array [
            Object {
              "translateX": 0,
            },
          ],
        }
      }
    >
      <View>
        <Text />
      </View>
    </View>
    <View>
      <Text />
    </View>
    <View
      style={
        Object {
          "position": "absolute",
          "right": 5,
        }
      }
    />
  </View>
</View>
`;
