// Jest Snapshot v1, https://goo.gl/fbAQLP

exports[`[Button] renders without crashing 1`] = `
<View
  accessible={true}
  clickable={true}
  isTVSelectable={true}
  onClick={[Function]}
  onResponderGrant={[Function]}
  onResponderMove={[Function]}
  onResponderRelease={[Function]}
  onResponderTerminate={[Function]}
  onResponderTerminationRequest={[Function]}
  onStartShouldSetResponder={[Function]}
  style={
    Object {
      "opacity": 1,
    }
  }
  testID="btn"
>
  <View
    style={
      Array [
        Object {
          "alignItems": "center",
          "backgroundColor": "#ffffff",
          "borderColor": "#0000ff",
          "borderRadius": 4,
          "borderWidth": 2,
          "flexDirection": "row",
          "height": 52,
          "justifyContent": "center",
          "width": 320,
        },
        Object {},
      ]
    }
    theme={
      Object {
        "backgroundColor": "#ffffff",
        "borderColor": "#0000ff",
      }
    }
  >
    <View
      style={
        Array [
          Object {
            "left": 0,
            "position": "absolute",
          },
        ]
      }
    />
    <Text
      style={
        Array [
          Object {
            "color": "#069ccd",
            "fontSize": 14,
          },
          Object {},
        ]
      }
      theme={
        Object {
          "fontColor": "#069ccd",
        }
      }
    />
    <View
      style={
        Array [
          Object {
            "position": "absolute",
            "right": 0,
          },
        ]
      }
    />
  </View>
</View>
`;
