// Jest Snapshot v1, https://goo.gl/fbAQLP

exports[`[EditText] default renders without crashing 1`] = `
<View
  style={
    Array [
      Object {
        "alignSelf": "stretch",
        "flexDirection": "column",
        "width": "100%",
      },
    ]
  }
>
  <Text
    style={
      Array [
        Object {
          "color": "#b9b9c4",
          "fontSize": 14,
          "fontWeight": "500",
          "marginBottom": 5,
        },
        Object {
          "color": "#FF8989",
        },
        undefined,
      ]
    }
  />
  <View
    style={
      Array [
        Object {
          "alignItems": "center",
          "flexDirection": "row",
          "justifyContent": "flex-end",
          "width": "100%",
        },
        undefined,
        Object {
          "borderColor": "#eaeaf9",
        },
        Object {
          "borderColor": "#FF8989",
        },
        Object {
          "borderBottomWidth": 0.6,
        },
      ]
    }
  >
    <TextInput
      allowFontScaling={true}
      autoCapitalize="none"
      onBlur={[Function]}
      onFocus={[Function]}
      rejectResponderTermination={true}
      style={
        Array [
          Object {
            "color": "#2c374e",
            "fontSize": 15,
            "fontWeight": "500",
            "height": "100%",
            "paddingBottom": 15,
            "paddingTop": 15,
            "width": "100%",
          },
        ]
      }
      underlineColorAndroid="transparent"
    />
  </View>
  <Text
    style={
      Array [
        Object {
          "color": "#ff8989",
          "fontSize": 12,
          "fontWeight": "500",
          "marginBottom": 0,
          "marginLeft": 2,
          "marginRight": 2,
          "marginTop": 5,
        },
        Object {
          "color": "#FF8989",
        },
        undefined,
      ]
    }
  >
    error
  </Text>
</View>
`;
