// Jest Snapshot v1, https://goo.gl/fbAQLP

exports[`[Marks] renders without crashing 1`] = `
<View
  collapsable={true}
  pointerEvents="box-none"
  style={
    Object {
      "flex": 1,
    }
  }
>
  <View
    style={
      Array [
        Object {
          "display": "flex",
          "justifyContent": "center",
          "position": "absolute",
        },
      ]
    }
  />
</View>
`;

exports[`[Slider] render renders without crashing 1`] = `
<View
  collapsable={true}
  pointerEvents="box-none"
  style={
    Object {
      "flex": 1,
    }
  }
>
  <View
    style={
      Array [
        Object {
          "display": "flex",
          "justifyContent": "center",
          "position": "relative",
          "width": "100%",
        },
      ]
    }
  >
    <View
      style={
        Array [
          Object {
            "backgroundColor": "#bcdbfb",
            "borderRadius": 1,
            "height": 3,
            "width": "100%",
          },
        ]
      }
    />
    <View
      style={
        Array [
          Object {
            "backgroundColor": "#0B21E8",
            "height": 3,
            "left": 0,
            "position": "absolute",
            "top": 0,
            "width": "0%",
          },
        ]
      }
      width={0}
    />
    <View
      percent={0}
      style={
        Array [
          Object {
            "left": "0%",
            "position": "absolute",
          },
        ]
      }
    >
      <View
        accessible={true}
        clickable={false}
        style={
          Array [
            Object {
              "backgroundColor": "#0B21E8",
              "borderRadius": 6,
              "height": 12,
              "transform": Array [
                Object {
                  "translateY": 0,
                },
                Object {
                  "translateX": -6,
                },
              ],
              "width": 12,
            },
          ]
        }
      >
        <View
          style={
            Object {
              "backgroundColor": "black",
              "borderRadius": 12,
              "height": 24,
              "left": -6,
              "opacity": 0.12,
              "position": "absolute",
              "top": -6,
              "transform": Array [
                Object {
                  "scale": 0.01,
                },
              ],
              "width": 24,
            }
          }
        />
      </View>
    </View>
  </View>
</View>
`;
