// Jest Snapshot v1, https://goo.gl/fbAQLP

exports[`[SwitchToggle] should render without crashing 1`] = `
<View
  accessible={true}
  focusable={true}
  isTVSelectable={true}
  onClick={[Function]}
  onResponderGrant={[Function]}
  onResponderMove={[Function]}
  onResponderRelease={[Function]}
  onResponderTerminate={[Function]}
  onResponderTerminationRequest={[Function]}
  onStartShouldSetResponder={[Function]}
  style={
    Object {
      "opacity": 1,
    }
  }
>
  <View
    style={
      Object {
        "alignItems": "center",
        "backgroundColor": "rgba(215, 215, 215, 1)",
        "borderRadius": 18,
        "flexDirection": "row",
        "height": 36,
        "padding": 3,
        "width": 72,
      }
    }
  >
    <View>
      <Text />
    </View>
    <View
      style={
        Object {
          "backgroundColor": "rgba(255, 255, 255, 1)",
          "borderRadius": 15,
          "height": 30,
          "transform": Array [
            Object {
              "translateX": 0,
            },
          ],
          "width": 30,
        }
      }
    >
      <View>
        <Text />
      </View>
    </View>
    <View>
      <Text />
    </View>
  </View>
</View>
`;
